Run echo "Running unit tests..."
  echo "Running unit tests..."
  uv run pytest tests/unit -v --cov=src/cve_report_aggregator --cov-report=xml --cov-report=term-missing
  shell: /usr/bin/bash -e {0}
  env:
    UV_CACHE_DIR: /tmp/.uv-cache
    pythonLocation: /opt/hostedtoolcache/Python/3.14.0/x64
    PKG_CONFIG_PATH: /opt/hostedtoolcache/Python/3.14.0/x64/lib/pkgconfig
    Python_ROOT_DIR: /opt/hostedtoolcache/Python/3.14.0/x64
    Python2_ROOT_DIR: /opt/hostedtoolcache/Python/3.14.0/x64
    Python3_ROOT_DIR: /opt/hostedtoolcache/Python/3.14.0/x64
    LD_LIBRARY_PATH: /opt/hostedtoolcache/Python/3.14.0/x64/lib
    UV_PYTHON_INSTALL_DIR: /home/runner/work/_temp/uv-python-dir
Running unit tests...
============================= test session starts ==============================
collecting ... collected 1498 items

tests/unit/db/test_client.py::TestDatabaseClientInitialization::test_create_in_memory_database PASSED [  0%]
tests/unit/db/test_client.py::TestDatabaseClientInitialization::test_create_file_database PASSED [  0%]
tests/unit/db/test_client.py::TestDatabaseClientInitialization::test_database_pragmas_enabled PASSED [  0%]
tests/unit/db/test_client.py::TestDatabaseClientInitialization::test_initial_data_sources_seeded PASSED [  0%]
tests/unit/db/test_client.py::TestDatabaseClientInitialization::test_data_sources_not_duplicated PASSED [  0%]
tests/unit/db/test_client.py::TestFTS5Index::test_fts_table_created PASSED [  0%]
tests/unit/db/test_client.py::TestFTS5Index::test_fts_triggers_created PASSED [  0%]
tests/unit/db/test_client.py::TestFTS5Index::test_fts_insert_trigger PASSED [  0%]
tests/unit/db/test_client.py::TestFTS5Index::test_fts_update_trigger PASSED [  0%]
tests/unit/db/test_client.py::TestFTS5Index::test_fts_delete_trigger PASSED [  0%]
tests/unit/db/test_client.py::TestDatabaseOperations::test_get_session_context_manager PASSED [  0%]
tests/unit/db/test_client.py::TestDatabaseOperations::test_get_session_autocommit_disabled PASSED [  0%]
tests/unit/db/test_client.py::TestDatabaseOperations::test_vacuum PASSED [  0%]
tests/unit/db/test_client.py::TestDatabaseOperations::test_analyze PASSED [  0%]
tests/unit/db/test_client.py::TestDatabaseOperations::test_get_db_size PASSED [  1%]
tests/unit/db/test_client.py::TestDatabaseOperations::test_get_db_size_nonexistent PASSED [  1%]
tests/unit/db/test_client.py::TestDatabaseOperations::test_get_table_counts PASSED [  1%]
tests/unit/db/test_client.py::TestDatabaseOperations::test_get_table_counts_empty_database PASSED [  1%]
tests/unit/db/test_client.py::TestDatabaseOperations::test_close_database PASSED [  1%]
tests/unit/db/test_client.py::TestDatabaseIntegrity::test_foreign_key_constraints_enabled PASSED [  1%]
tests/unit/db/test_client.py::TestDatabaseIntegrity::test_cascade_delete_vulnerability PASSED [  1%]
tests/unit/db/test_client.py::TestDatabaseIntegrity::test_indexes_created PASSED [  1%]
tests/unit/db/test_client.py::TestDatabasePerformance::test_connection_pool_configuration PASSED [  1%]
tests/unit/db/test_client.py::TestDatabasePerformance::test_wal_mode_enabled PASSED [  1%]
tests/unit/db/test_client.py::TestDatabasePerformance::test_cache_size_set PASSED [  1%]
tests/unit/db/test_client.py::TestDatabasePerformance::test_temp_store_memory PASSED [  1%]
tests/unit/db/test_client.py::TestDatabaseRecovery::test_pool_pre_ping PASSED [  1%]
tests/unit/db/test_client.py::TestDatabaseRecovery::test_session_rollback_on_error PASSED [  1%]
tests/unit/db/test_models.py::TestDataSource::test_create_data_source PASSED [  1%]
tests/unit/db/test_models.py::TestDataSource::test_data_source_repr PASSED [  2%]
tests/unit/db/test_models.py::TestDataSource::test_data_source_relationships PASSED [  2%]
tests/unit/db/test_models.py::TestVulnerability::test_create_vulnerability PASSED [  2%]
FAILED tests/unit/test_cli.py::TestCLIMain::test_cli_default_arguments - AssertionError: CLI failed with output:
  Error: Required tool 'grype' not found in PATH.
  Please install it from: https://github.com/anchore/grype#installation
  
assert 1 == 0
 +  where 1 = <Result SystemExit(1)>.exit_code
FAILED tests/unit/test_cli.py::TestCLIMain::test_cli_custom_input_output - AssertionError: CLI failed with output:
  Error: Required tool 'grype' not found in PATH.
  Please install it from: https://github.com/anchore/grype#installation
  
assert 1 == 0
 +  where 1 = <Result SystemExit(1)>.exit_code
FAILED tests/unit/test_cli.py::TestCLIMain::test_cli_output_non_json_extension - assert 1 == 0
 +  where 1 = <Result SystemExit(1)>.exit_code
FAILED tests/unit/test_cli.py::TestCLIMain::test_cli_grype_only_mode - assert 1 == 0
 +  where 1 = <Result SystemExit(1)>.exit_code
FAILED tests/unit/test_cli.py::TestCLIMain::test_cli_highest_score_mode - assert 1 == 0
 +  where 1 = <Result SystemExit(1)>.exit_code
FAILED tests/unit/test_cli.py::TestCLIMain::test_cli_first_occurrence_mode - assert 1 == 0
 +  where 1 = <Result SystemExit(1)>.exit_code
FAILED tests/unit/test_cli.py::TestCLIMain::test_cli_debug_mode - assert 1 == 0
 +  where 1 = <Result SystemExit(1)>.exit_code
FAILED tests/unit/test_cli.py::TestCLIMain::test_cli_critical_mode - assert 1 == 0
 +  where 1 = <Result SystemExit(1)>.exit_code
FAILED tests/unit/test_cli.py::TestCLIMain::test_cli_no_reports_found - assert 'No valid reports' in "Error: Required tool 'grype' not found in PATH.\nPlease install it from: https://github.com/anchore/grype#installation\n"
 +  where "Error: Required tool 'grype' not found in PATH.\nPlease install it from: https://github.com/anchore/grype#installation\n" = <Result SystemExit(1)>.output
FAILED tests/unit/test_cli.py::TestCLIMain::test_cli_creates_output_directory - assert 1 == 0
 +  where 1 = <Result SystemExit(1)>.exit_code
FAILED tests/unit/test_cli.py::TestCLIMain::test_cli_summary_statistics - assert 1 == 0
 +  where 1 = <Result SystemExit(1)>.exit_code
FAILED tests/unit/test_cli.py::TestCLIMain::test_cli_multiple_scanners_mode_override - assert 1 == 0
 +  where 1 = <Result SystemExit(1)>.exit_code
FAILED tests/unit/test_cli.py::TestCLIMain::test_cli_json_output_structure - assert 1 == 0
 +  where 1 = <Result SystemExit(1)>.exit_code
FAILED tests/unit/test_orchestrator.py::TestAcquireSBOMs::test_acquire_sboms_local_packages - assert 0 == 2
 +  where 0 = len([])
SKIPPED [1] tests/unit/models/test_validation.py:599: Minimal vulnerability report structure insufficient for actual schema
SKIPPED [1] tests/unit/models/test_validation.py:612: Minimal Syft SBOM structure insufficient for actual schema
================= 14 failed, 1482 passed, 2 skipped in 18.48s ==================